Archive member included to satisfy reference by file (symbol)

D:/ST/STM32CubeIDE_1.16.0/STM32CubeIDE/plugins/com.st.stm32cube.ide.mcu.externaltools.gnu-tools-for-stm32.12.3.rel1.win32_1.0.200.202406191623/tools/bin/../lib/gcc/arm-none-eabi/12.3.1/../../../../arm-none-eabi/lib/thumb/v7-m/nofp\libc_nano.a(libc_a-exit.o)
                              D:/ST/STM32CubeIDE_1.16.0/STM32CubeIDE/plugins/com.st.stm32cube.ide.mcu.externaltools.gnu-tools-for-stm32.12.3.rel1.win32_1.0.200.202406191623/tools/bin/../lib/gcc/arm-none-eabi/12.3.1/../../../../arm-none-eabi/lib/thumb/v7-m/nofp/crt0.o (exit)
D:/ST/STM32CubeIDE_1.16.0/STM32CubeIDE/plugins/com.st.stm32cube.ide.mcu.externaltools.gnu-tools-for-stm32.12.3.rel1.win32_1.0.200.202406191623/tools/bin/../lib/gcc/arm-none-eabi/12.3.1/../../../../arm-none-eabi/lib/thumb/v7-m/nofp\libc_nano.a(libc_a-findfp.o)
                              D:/ST/STM32CubeIDE_1.16.0/STM32CubeIDE/plugins/com.st.stm32cube.ide.mcu.externaltools.gnu-tools-for-stm32.12.3.rel1.win32_1.0.200.202406191623/tools/bin/../lib/gcc/arm-none-eabi/12.3.1/../../../../arm-none-eabi/lib/thumb/v7-m/nofp\libc_nano.a(libc_a-exit.o) (__stdio_exit_handler)
D:/ST/STM32CubeIDE_1.16.0/STM32CubeIDE/plugins/com.st.stm32cube.ide.mcu.externaltools.gnu-tools-for-stm32.12.3.rel1.win32_1.0.200.202406191623/tools/bin/../lib/gcc/arm-none-eabi/12.3.1/../../../../arm-none-eabi/lib/thumb/v7-m/nofp\libc_nano.a(libc_a-fwalk.o)
                              D:/ST/STM32CubeIDE_1.16.0/STM32CubeIDE/plugins/com.st.stm32cube.ide.mcu.externaltools.gnu-tools-for-stm32.12.3.rel1.win32_1.0.200.202406191623/tools/bin/../lib/gcc/arm-none-eabi/12.3.1/../../../../arm-none-eabi/lib/thumb/v7-m/nofp\libc_nano.a(libc_a-findfp.o) (_fwalk_sglue)
D:/ST/STM32CubeIDE_1.16.0/STM32CubeIDE/plugins/com.st.stm32cube.ide.mcu.externaltools.gnu-tools-for-stm32.12.3.rel1.win32_1.0.200.202406191623/tools/bin/../lib/gcc/arm-none-eabi/12.3.1/../../../../arm-none-eabi/lib/thumb/v7-m/nofp\libc_nano.a(libc_a-stdio.o)
                              D:/ST/STM32CubeIDE_1.16.0/STM32CubeIDE/plugins/com.st.stm32cube.ide.mcu.externaltools.gnu-tools-for-stm32.12.3.rel1.win32_1.0.200.202406191623/tools/bin/../lib/gcc/arm-none-eabi/12.3.1/../../../../arm-none-eabi/lib/thumb/v7-m/nofp\libc_nano.a(libc_a-findfp.o) (__sread)
D:/ST/STM32CubeIDE_1.16.0/STM32CubeIDE/plugins/com.st.stm32cube.ide.mcu.externaltools.gnu-tools-for-stm32.12.3.rel1.win32_1.0.200.202406191623/tools/bin/../lib/gcc/arm-none-eabi/12.3.1/../../../../arm-none-eabi/lib/thumb/v7-m/nofp\libc_nano.a(libc_a-memset.o)
                              D:/ST/STM32CubeIDE_1.16.0/STM32CubeIDE/plugins/com.st.stm32cube.ide.mcu.externaltools.gnu-tools-for-stm32.12.3.rel1.win32_1.0.200.202406191623/tools/bin/../lib/gcc/arm-none-eabi/12.3.1/../../../../arm-none-eabi/lib/thumb/v7-m/nofp/crt0.o (memset)
D:/ST/STM32CubeIDE_1.16.0/STM32CubeIDE/plugins/com.st.stm32cube.ide.mcu.externaltools.gnu-tools-for-stm32.12.3.rel1.win32_1.0.200.202406191623/tools/bin/../lib/gcc/arm-none-eabi/12.3.1/../../../../arm-none-eabi/lib/thumb/v7-m/nofp\libc_nano.a(libc_a-closer.o)
                              D:/ST/STM32CubeIDE_1.16.0/STM32CubeIDE/plugins/com.st.stm32cube.ide.mcu.externaltools.gnu-tools-for-stm32.12.3.rel1.win32_1.0.200.202406191623/tools/bin/../lib/gcc/arm-none-eabi/12.3.1/../../../../arm-none-eabi/lib/thumb/v7-m/nofp\libc_nano.a(libc_a-stdio.o) (_close_r)
D:/ST/STM32CubeIDE_1.16.0/STM32CubeIDE/plugins/com.st.stm32cube.ide.mcu.externaltools.gnu-tools-for-stm32.12.3.rel1.win32_1.0.200.202406191623/tools/bin/../lib/gcc/arm-none-eabi/12.3.1/../../../../arm-none-eabi/lib/thumb/v7-m/nofp\libc_nano.a(libc_a-reent.o)
                              D:/ST/STM32CubeIDE_1.16.0/STM32CubeIDE/plugins/com.st.stm32cube.ide.mcu.externaltools.gnu-tools-for-stm32.12.3.rel1.win32_1.0.200.202406191623/tools/bin/../lib/gcc/arm-none-eabi/12.3.1/../../../../arm-none-eabi/lib/thumb/v7-m/nofp\libc_nano.a(libc_a-closer.o) (errno)
D:/ST/STM32CubeIDE_1.16.0/STM32CubeIDE/plugins/com.st.stm32cube.ide.mcu.externaltools.gnu-tools-for-stm32.12.3.rel1.win32_1.0.200.202406191623/tools/bin/../lib/gcc/arm-none-eabi/12.3.1/../../../../arm-none-eabi/lib/thumb/v7-m/nofp\libc_nano.a(libc_a-impure.o)
                              D:/ST/STM32CubeIDE_1.16.0/STM32CubeIDE/plugins/com.st.stm32cube.ide.mcu.externaltools.gnu-tools-for-stm32.12.3.rel1.win32_1.0.200.202406191623/tools/bin/../lib/gcc/arm-none-eabi/12.3.1/../../../../arm-none-eabi/lib/thumb/v7-m/nofp\libc_nano.a(libc_a-reent.o) (_impure_ptr)
D:/ST/STM32CubeIDE_1.16.0/STM32CubeIDE/plugins/com.st.stm32cube.ide.mcu.externaltools.gnu-tools-for-stm32.12.3.rel1.win32_1.0.200.202406191623/tools/bin/../lib/gcc/arm-none-eabi/12.3.1/../../../../arm-none-eabi/lib/thumb/v7-m/nofp\libc_nano.a(libc_a-lseekr.o)
[...]
Memory Configuration

Name             Origin             Length             Attributes
RAM              0x20000000         0x00005000         xrw
FLASH            0x08000000         0x00010000         xr
*default*        0x00000000         0xffffffff

Linker script and memory map

LOAD D:/ST/STM32CubeIDE_1.16.0/STM32CubeIDE/plugins/com.st.stm32cube.ide.mcu.externaltools.gnu-tools-for-stm32.12.3.rel1.win32_1.0.200.202406191623/tools/bin/../lib/gcc/arm-none-eabi/12.3.1/thumb/v7-m/nofp/crti.o
LOAD D:/ST/STM32CubeIDE_1.16.0/STM32CubeIDE/plugins/com.st.stm32cube.ide.mcu.externaltools.gnu-tools-for-stm32.12.3.rel1.win32_1.0.200.202406191623/tools/bin/../lib/gcc/arm-none-eabi/12.3.1/thumb/v7-m/nofp/crtbegin.o
LOAD D:/ST/STM32CubeIDE_1.16.0/STM32CubeIDE/plugins/com.st.stm32cube.ide.mcu.externaltools.gnu-tools-for-stm32.12.3.rel1.win32_1.0.200.202406191623/tools/bin/../lib/gcc/arm-none-eabi/12.3.1/../../../../arm-none-eabi/lib/thumb/v7-m/nofp/crt0.o
LOAD ./Core/Src/main.o
LOAD ./Core/Src/stm32f1xx_hal_msp.o
LOAD ./Core/Src/stm32f1xx_it.o
LOAD ./Core/Src/syscalls.o
LOAD ./Core/Src/sysmem.o
LOAD ./Core/Src/system_stm32f1xx.o
LOAD ./Core/Startup/startup_stm32f103c8tx.o
LOAD ./Drivers/STM32F1xx_HAL_Driver/Src/stm32f1xx_hal.o
LOAD ./Drivers/STM32F1xx_HAL_Driver/Src/stm32f1xx_hal_cortex.o
LOAD ./Drivers/STM32F1xx_HAL_Driver/Src/stm32f1xx_hal_dma.o
LOAD ./Drivers/STM32F1xx_HAL_Driver/Src/stm32f1xx_hal_exti.o
LOAD ./Drivers/STM32F1xx_HAL_Driver/Src/stm32f1xx_hal_flash.o
LOAD ./Drivers/STM32F1xx_HAL_Driver/Src/stm32f1xx_hal_flash_ex.o
LOAD ./Drivers/STM32F1xx_HAL_Driver/Src/stm32f1xx_hal_gpio.o
LOAD ./Drivers/STM32F1xx_HAL_Driver/Src/stm32f1xx_hal_gpio_ex.o
LOAD ./Drivers/STM32F1xx_HAL_Driver/Src/stm32f1xx_hal_pcd.o
LOAD ./Drivers/STM32F1xx_HAL_Driver/Src/stm32f1xx_hal_pcd_ex.o
LOAD ./Drivers/STM32F1xx_HAL_Driver/Src/stm32f1xx_hal_pwr.o
LOAD ./Drivers/STM32F1xx_HAL_Driver/Src/stm32f1xx_hal_rcc.o
LOAD ./Drivers/STM32F1xx_HAL_Driver/Src/stm32f1xx_hal_rcc_ex.o
LOAD ./Drivers/STM32F1xx_HAL_Driver/Src/stm32f1xx_hal_tim.o
LOAD ./Drivers/STM32F1xx_HAL_Driver/Src/stm32f1xx_hal_tim_ex.o
LOAD ./Drivers/STM32F1xx_HAL_Driver/Src/stm32f1xx_ll_usb.o
LOAD ./Middlewares/ST/STM32_USB_Device_Library/Class/HID/Src/usbd_hid.o
LOAD ./Middlewares/ST/STM32_USB_Device_Library/Core/Src/usbd_core.o
LOAD ./Middlewares/ST/STM32_USB_Device_Library/Core/Src/usbd_ctlreq.o
LOAD ./Middlewares/ST/STM32_USB_Device_Library/Core/Src/usbd_ioreq.o
LOAD ./USB_DEVICE/App/usb_device.o
LOAD ./USB_DEVICE/App/usbd_desc.o
LOAD ./USB_DEVICE/Target/usbd_conf.o
START GROUP
LOAD D:/ST/STM32CubeIDE_1.16.0/STM32CubeIDE/plugins/com.st.stm32cube.ide.mcu.externaltools.gnu-tools-for-stm32.12.3.rel1.win32_1.0.200.202406191623/tools/bin/../lib/gcc/arm-none-eabi/12.3.1/../../../../arm-none-eabi/lib/thumb/v7-m/nofp\libc_nano.a
LOAD D:/ST/STM32CubeIDE_1.16.0/STM32CubeIDE/plugins/com.st.stm32cube.ide.mcu.externaltools.gnu-tools-for-stm32.12.3.rel1.win32_1.0.200.202406191623/tools/bin/../lib/gcc/arm-none-eabi/12.3.1/../../../../arm-none-eabi/lib/thumb/v7-m/nofp\libm.a
END GROUP
START GROUP
LOAD D:/ST/STM32CubeIDE_1.16.0/STM32CubeIDE/plugins/com.st.stm32cube.ide.mcu.externaltools.gnu-tools-for-stm32.12.3.rel1.win32_1.0.200.202406191623/tools/bin/../lib/gcc/arm-none-eabi/12.3.1/thumb/v7-m/nofp\libgcc.a
LOAD D:/ST/STM32CubeIDE_1.16.0/STM32CubeIDE/plugins/com.st.stm32cube.ide.mcu.externaltools.gnu-tools-for-stm32.12.3.rel1.win32_1.0.200.202406191623/tools/bin/../lib/gcc/arm-none-eabi/12.3.1/../../../../arm-none-eabi/lib/thumb/v7-m/nofp\libc_nano.a
END GROUP
START GROUP
LOAD D:/ST/STM32CubeIDE_1.16.0/STM32CubeIDE/plugins/com.st.stm32cube.ide.mcu.externaltools.gnu-tools-for-stm32.12.3.rel1.win32_1.0.200.202406191623/tools/bin/../lib/gcc/arm-none-eabi/12.3.1/thumb/v7-m/nofp\libgcc.a
LOAD D:/ST/STM32CubeIDE_1.16.0/STM32CubeIDE/plugins/com.st.stm32cube.ide.mcu.externaltools.gnu-tools-for-stm32.12.3.rel1.win32_1.0.200.202406191623/tools/bin/../lib/gcc/arm-none-eabi/12.3.1/../../../../arm-none-eabi/lib/thumb/v7-m/nofp\libc_nano.a
LOAD D:/ST/STM32CubeIDE_1.16.0/STM32CubeIDE/plugins/com.st.stm32cube.ide.mcu.externaltools.gnu-tools-for-stm32.12.3.rel1.win32_1.0.200.202406191623/tools/bin/../lib/gcc/arm-none-eabi/12.3.1/../../../../arm-none-eabi/lib/thumb/v7-m/nofp\libnosys.a
END GROUP
START GROUP
LOAD D:/ST/STM32CubeIDE_1.16.0/STM32CubeIDE/plugins/com.st.stm32cube.ide.mcu.externaltools.gnu-tools-for-stm32.12.3.rel1.win32_1.0.200.202406191623/tools/bin/../lib/gcc/arm-none-eabi/12.3.1/thumb/v7-m/nofp\libgcc.a
LOAD D:/ST/STM32CubeIDE_1.16.0/STM32CubeIDE/plugins/com.st.stm32cube.ide.mcu.externaltools.gnu-tools-for-stm32.12.3.rel1.win32_1.0.200.202406191623/tools/bin/../lib/gcc/arm-none-eabi/12.3.1/../../../../arm-none-eabi/lib/thumb/v7-m/nofp\libc_nano.a
LOAD D:/ST/STM32CubeIDE_1.16.0/STM32CubeIDE/plugins/com.st.stm32cube.ide.mcu.externaltools.gnu-tools-for-stm32.12.3.rel1.win32_1.0.200.202406191623/tools/bin/../lib/gcc/arm-none-eabi/12.3.1/../../../../arm-none-eabi/lib/thumb/v7-m/nofp\libnosys.a
END GROUP
LOAD D:/ST/STM32CubeIDE_1.16.0/STM32CubeIDE/plugins/com.st.stm32cube.ide.mcu.externaltools.gnu-tools-for-stm32.12.3.rel1.win32_1.0.200.202406191623/tools/bin/../lib/gcc/arm-none-eabi/12.3.1/thumb/v7-m/nofp/crtend.o
LOAD D:/ST/STM32CubeIDE_1.16.0/STM32CubeIDE/plugins/com.st.stm32cube.ide.mcu.externaltools.gnu-tools-for-stm32.12.3.rel1.win32_1.0.200.202406191623/tools/bin/../lib/gcc/arm-none-eabi/12.3.1/thumb/v7-m/nofp/crtn.o
                0x20005000                        _estack = (ORIGIN (RAM) + LENGTH (RAM))
                0x00000200                        _Min_Heap_Size = 0x200
                0x00000400                        _Min_Stack_Size = 0x400

.isr_vector     0x08000000      0x10c
                0x08000000                        . = ALIGN (0x4)
 *(.isr_vector)
 .isr_vector    0x08000000      0x10c ./Core/Startup/startup_stm32f103c8tx.o
                0x08000000                g_pfnVectors
                0x0800010c                        . = ALIGN (0x4)

.text           0x0800010c     0x75b8
                0x0800010c                        . = ALIGN (0x4)
 *(.text)
 .text          0x0800010c       0x40 D:/ST/STM32CubeIDE_1.16.0/STM32CubeIDE/plugins/com.st.stm32cube.ide.mcu.externaltools.gnu-tools-for-stm32.12.3.rel1.win32_1.0.200.202406191623/tools/bin/../lib/gcc/arm-none-eabi/12.3.1/thumb/v7-m/nofp/crtbegin.o
 .text          0x0800014c       0x10 D:/ST/STM32CubeIDE_1.16.0/STM32CubeIDE/plugins/com.st.stm32cube.ide.mcu.externaltools.gnu-tools-for-stm32.12.3.rel1.win32_1.0.200.202406191623/tools/bin/../lib/gcc/arm-none-eabi/12.3.1/../../../../arm-none-eabi/lib/thumb/v7-m/nofp\libc_nano.a(libc_a-strlen.o)
                0x0800014c                strlen
 *(.text*)
 .text.typeOnKeyboard
                0x0800015c      0x418 ./Core/Src/main.o
                0x0800015c                typeOnKeyboard
 .text.keyPressRelease
                0x08000574       0x58 ./Core/Src/main.o
                0x08000574                keyPressRelease
 .text.main     0x080005cc      0x100 ./Core/Src/main.o
                0x080005cc                main
 .text.SystemClock_Config
                0x080006cc       0xb6 ./Core/Src/main.o
                0x080006cc                SystemClock_Config
 *fill*         0x08000782        0x2 
 .text.MX_GPIO_Init
                0x08000784       0x80 ./Core/Src/main.o
 .text.Error_Handler
                0x08000804        0xc ./Core/Src/main.o
                0x08000804                Error_Handler
 .text.HAL_MspInit
                0x08000810       0x64 ./Core/Src/stm32f1xx_hal_msp.o
                0x08000810                HAL_MspInit
 .text.NMI_Handler
                0x08000874        0x8 ./Core/Src/stm32f1xx_it.o
                0x08000874                NMI_Handler
 .text.HardFault_Handler
                0x0800087c        0x8 ./Core/Src/stm32f1xx_it.o
                0x0800087c                HardFault_Handler
 .text.MemManage_Handler
                0x08000884        0x8 ./Core/Src/stm32f1xx_it.o
                0x08000884                MemManage_Handler
 .text.BusFault_Handler
                0x0800088c        0x8 ./Core/Src/stm32f1xx_it.o
                0x0800088c                BusFault_Handler
 .text.UsageFault_Handler
                0x08000894        0x8 ./Core/Src/stm32f1xx_it.o
                0x08000894                UsageFault_Handler
 .text.SVC_Handler
                0x0800089c        0xc ./Core/Src/stm32f1xx_it.o
                0x0800089c                SVC_Handler
 .text.DebugMon_Handler
                0x080008a8        0xc ./Core/Src/stm32f1xx_it.o
                0x080008a8                DebugMon_Handler
 .text.PendSV_Handler
                0x080008b4        0xc ./Core/Src/stm32f1xx_it.o
                0x080008b4                PendSV_Handler
 .text.SysTick_Handler
                0x080008c0        0xc ./Core/Src/stm32f1xx_it.o
                0x080008c0                SysTick_Handler
 .text.USB_LP_CAN1_RX0_IRQHandler
                0x080008cc       0x14 ./Core/Src/stm32f1xx_it.o
                0x080008cc                USB_LP_CAN1_RX0_IRQHandler
 .text.SystemInit
                0x080008e0        0xc ./Core/Src/system_stm32f1xx.o
                0x080008e0                SystemInit
 .text.Reset_Handler
                0x080008ec       0x48 ./Core/Startup/startup_stm32f103c8tx.o
                0x080008ec                Reset_Handler
 .text.Default_Handler
                0x08000934        0x2 ./Core/Startup/startup_stm32f103c8tx.o
                0x08000934                RTC_Alarm_IRQHandler
                0x08000934                EXTI2_IRQHandler
                0x08000934                TIM1_CC_IRQHandler
                0x08000934                PVD_IRQHandler
                0x08000934                EXTI3_IRQHandler
                0x08000934                EXTI0_IRQHandler
                0x08000934                I2C2_EV_IRQHandler
                0x08000934                ADC1_2_IRQHandler
                0x08000934                SPI1_IRQHandler
                0x08000934                TAMPER_IRQHandler
                0x08000934                DMA1_Channel4_IRQHandler
                0x08000934                USART3_IRQHandler
                0x08000934                RTC_IRQHandler
                0x08000934                DMA1_Channel7_IRQHandler
                0x08000934                CAN1_RX1_IRQHandler
                0x08000934                TIM4_IRQHandler
                0x08000934                I2C1_EV_IRQHandler
                0x08000934                DMA1_Channel6_IRQHandler
                0x08000934                TIM3_IRQHandler
                0x08000934                RCC_IRQHandler
                0x08000934                TIM1_TRG_COM_IRQHandler
                0x08000934                DMA1_Channel1_IRQHandler
                0x08000934                Default_Handler
                0x08000934                EXTI15_10_IRQHandler
                0x08000934                EXTI9_5_IRQHandler
                0x08000934                SPI2_IRQHandler
                0x08000934                DMA1_Channel5_IRQHandler
                0x08000934                EXTI4_IRQHandler
                0x08000934                USB_HP_CAN1_TX_IRQHandler
                0x08000934                DMA1_Channel3_IRQHandler
                0x08000934                TIM1_UP_IRQHandler
                0x08000934                WWDG_IRQHandler
                0x08000934                TIM2_IRQHandler
                0x08000934                TIM1_BRK_IRQHandler
                0x08000934                EXTI1_IRQHandler
                0x08000934                USART2_IRQHandler
                0x08000934                I2C2_ER_IRQHandler
                0x08000934                DMA1_Channel2_IRQHandler
                0x08000934                CAN1_SCE_IRQHandler
                0x08000934                FLASH_IRQHandler
                0x08000934                USART1_IRQHandler
                0x08000934                I2C1_ER_IRQHandler
                0x08000934                USBWakeUp_IRQHandler
 *fill*         0x08000936        0x2 
 .text.HAL_Init
                0x08000938       0x2c ./Drivers/STM32F1xx_HAL_Driver/Src/stm32f1xx_hal.o
                0x08000938                HAL_Init
 .text.HAL_InitTick
                0x08000964       0x60 ./Drivers/STM32F1xx_HAL_Driver/Src/stm32f1xx_hal.o
                0x08000964                HAL_InitTick
 .text.HAL_IncTick
                0x080009c4       0x24 ./Drivers/STM32F1xx_HAL_Driver/Src/stm32f1xx_hal.o
                0x080009c4                HAL_IncTick
 .text.HAL_GetTick
                0x080009e8       0x14 ./Drivers/STM32F1xx_HAL_Driver/Src/stm32f1xx_hal.o
                0x080009e8                HAL_GetTick
 .text.HAL_Delay
                0x080009fc       0x48 ./Drivers/STM32F1xx_HAL_Driver/Src/stm32f1xx_hal.o
                0x080009fc                HAL_Delay
 .text.__NVIC_SetPriorityGrouping
                0x08000a44       0x48 ./Drivers/STM32F1xx_HAL_Driver/Src/stm32f1xx_hal_cortex.o
 .text.__NVIC_GetPriorityGrouping
                0x08000a8c       0x1c ./Drivers/STM32F1xx_HAL_Driver/Src/stm32f1xx_hal_cortex.o
 .text.__NVIC_EnableIRQ
                0x08000aa8       0x38 ./Drivers/STM32F1xx_HAL_Driver/Src/stm32f1xx_hal_cortex.o
 .text.__NVIC_SetPriority
                0x08000ae0       0x54 ./Drivers/STM32F1xx_HAL_Driver/Src/stm32f1xx_hal_cortex.o
 .text.NVIC_EncodePriority
                0x08000b34       0x64 ./Drivers/STM32F1xx_HAL_Driver/Src/stm32f1xx_hal_cortex.o
 .text.SysTick_Config
                0x08000b98       0x44 ./Drivers/STM32F1xx_HAL_Driver/Src/stm32f1xx_hal_cortex.o
 .text.HAL_NVIC_SetPriorityGrouping
                0x08000bdc       0x16 ./Drivers/STM32F1xx_HAL_Driver/Src/stm32f1xx_hal_cortex.o
                0x08000bdc                HAL_NVIC_SetPriorityGrouping
 .text.HAL_NVIC_SetPriority
                0x08000bf2       0x38 ./Drivers/STM32F1xx_HAL_Driver/Src/stm32f1xx_hal_cortex.o
                0x08000bf2                HAL_NVIC_SetPriority
 .text.HAL_NVIC_EnableIRQ
                0x08000c2a       0x1c ./Drivers/STM32F1xx_HAL_Driver/Src/stm32f1xx_hal_cortex.o
                0x08000c2a                HAL_NVIC_EnableIRQ
 .text.HAL_SYSTICK_Config
                0x08000c46       0x18 ./Drivers/STM32F1xx_HAL_Driver/Src/stm32f1xx_hal_cortex.o
                0x08000c46                HAL_SYSTICK_Config
 *fill*         0x08000c5e        0x2 
 .text.HAL_GPIO_Init
                0x08000c60      0x308 ./Drivers/STM32F1xx_HAL_Driver/Src/stm32f1xx_hal_gpio.o
                0x08000c60                HAL_GPIO_Init
 .text.HAL_GPIO_WritePin
                0x08000f68       0x30 ./Drivers/STM32F1xx_HAL_Driver/Src/stm32f1xx_hal_gpio.o
                0x08000f68                HAL_GPIO_WritePin
 .text.HAL_PCD_Init
                0x08000f98      0x1ec ./Drivers/STM32F1xx_HAL_Driver/Src/stm32f1xx_hal_pcd.o
                0x08000f98                HAL_PCD_Init
 .text.HAL_PCD_Start
                0x08001184       0x4c ./Drivers/STM32F1xx_HAL_Driver/Src/stm32f1xx_hal_pcd.o
                0x08001184                HAL_PCD_Start
 .text.HAL_PCD_IRQHandler
                0x080011d0      0x260 ./Drivers/STM32F1xx_HAL_Driver/Src/stm32f1xx_hal_pcd.o
                0x080011d0                HAL_PCD_IRQHandler
 .text.HAL_PCD_SetAddress
                0x08001430       0x48 ./Drivers/STM32F1xx_HAL_Driver/Src/stm32f1xx_hal_pcd.o
                0x08001430                HAL_PCD_SetAddress
 .text.HAL_PCD_EP_Open
                0x08001478       0xba ./Drivers/STM32F1xx_HAL_Driver/Src/stm32f1xx_hal_pcd.o
                0x08001478                HAL_PCD_EP_Open
 .text.HAL_PCD_EP_Close
                0x08001532       0x90 ./Drivers/STM32F1xx_HAL_Driver/Src/stm32f1xx_hal_pcd.o
                0x08001532                HAL_PCD_EP_Close
 .text.HAL_PCD_EP_Receive
                0x080015c2       0x62 ./Drivers/STM32F1xx_HAL_Driver/Src/stm32f1xx_hal_pcd.o
                0x080015c2                HAL_PCD_EP_Receive
 .text.HAL_PCD_EP_Transmit
                0x08001624       0x6e ./Drivers/STM32F1xx_HAL_Driver/Src/stm32f1xx_hal_pcd.o
                0x08001624                HAL_PCD_EP_Transmit
 .text.HAL_PCD_EP_SetStall
                0x08001692       0xc0 ./Drivers/STM32F1xx_HAL_Driver/Src/stm32f1xx_hal_pcd.o
                0x08001692                HAL_PCD_EP_SetStall
 .text.HAL_PCD_EP_ClrStall
                0x08001752       0xa8 ./Drivers/STM32F1xx_HAL_Driver/Src/stm32f1xx_hal_pcd.o
                0x08001752                HAL_PCD_EP_ClrStall
 .text.PCD_EP_ISR_Handler
                0x080017fa      0x79e ./Drivers/STM32F1xx_HAL_Driver/Src/stm32f1xx_hal_pcd.o
 .text.HAL_PCD_EP_DB_Receive
                0x08001f98      0x21a ./Drivers/STM32F1xx_HAL_Driver/Src/stm32f1xx_hal_pcd.o
 .text.HAL_PCD_EP_DB_Transmit
                0x080021b2      0x7f4 ./Drivers/STM32F1xx_HAL_Driver/Src/stm32f1xx_hal_pcd.o
 .text.HAL_PCDEx_PMAConfig
                0x080029a6       0x84 ./Drivers/STM32F1xx_HAL_Driver/Src/stm32f1xx_hal_pcd_ex.o
                0x080029a6                HAL_PCDEx_PMAConfig
 *fill*         0x08002a2a        0x2 
 .text.HAL_RCC_OscConfig
                0x08002a2c      0x504 ./Drivers/STM32F1xx_HAL_Driver/Src/stm32f1xx_hal_rcc.o
                0x08002a2c                HAL_RCC_OscConfig
 .text.HAL_RCC_ClockConfig
                0x08002f30      0x1d4 ./Drivers/STM32F1xx_HAL_Driver/Src/stm32f1xx_hal_rcc.o
                0x08002f30                HAL_RCC_ClockConfig
 .text.HAL_RCC_GetSysClockFreq
                0x08003104       0xa8 ./Drivers/STM32F1xx_HAL_Driver/Src/stm32f1xx_hal_rcc.o
                0x08003104                HAL_RCC_GetSysClockFreq
 .text.RCC_Delay
                0x080031ac       0x3c ./Drivers/STM32F1xx_HAL_Driver/Src/stm32f1xx_hal_rcc.o
 .text.HAL_RCCEx_PeriphCLKConfig
                0x080031e8      0x16c ./Drivers/STM32F1xx_HAL_Driver/Src/stm32f1xx_hal_rcc_ex.o
                0x080031e8                HAL_RCCEx_PeriphCLKConfig
 .text.USB_CoreInit
                0x08003354       0x1a ./Drivers/STM32F1xx_HAL_Driver/Src/stm32f1xx_ll_usb.o
                0x08003354                USB_CoreInit
 .text.USB_EnableGlobalInt
                0x0800336e       0x2c ./Drivers/STM32F1xx_HAL_Driver/Src/stm32f1xx_ll_usb.o
                0x0800336e                USB_EnableGlobalInt
 .text.USB_DisableGlobalInt
                0x0800339a       0x34 ./Drivers/STM32F1xx_HAL_Driver/Src/stm32f1xx_ll_usb.o
                0x0800339a                USB_DisableGlobalInt
 .text.USB_SetCurrentMode
                0x080033ce       0x18 ./Drivers/STM32F1xx_HAL_Driver/Src/stm32f1xx_ll_usb.o
                0x080033ce                USB_SetCurrentMode
 .text.USB_DevInit
                0x080033e6       0x3a ./Drivers/STM32F1xx_HAL_Driver/Src/stm32f1xx_ll_usb.o
                0x080033e6                USB_DevInit
 .text.USB_ActivateEndpoint
                0x08003420      0x780 ./Drivers/STM32F1xx_HAL_Driver/Src/stm32f1xx_ll_usb.o
                0x08003420                USB_ActivateEndpoint
 .text.USB_DeactivateEndpoint
                0x08003ba0      0x3d8 ./Drivers/STM32F1xx_HAL_Driver/Src/stm32f1xx_ll_usb.o
                0x08003ba0                USB_DeactivateEndpoint
 .text.USB_EPStartXfer
                0x08003f78     0x1762 ./Drivers/STM32F1xx_HAL_Driver/Src/stm32f1xx_ll_usb.o
                0x08003f78                USB_EPStartXfer
 .text.USB_EPSetStall
                0x080056da       0xa0 ./Drivers/STM32F1xx_HAL_Driver/Src/stm32f1xx_ll_usb.o
                0x080056da                USB_EPSetStall
 .text.USB_EPClearStall
                0x0800577a      0x15a ./Drivers/STM32F1xx_HAL_Driver/Src/stm32f1xx_ll_usb.o
                0x0800577a                USB_EPClearStall
 .text.USB_SetDevAddress
                0x080058d4       0x26 ./Drivers/STM32F1xx_HAL_Driver/Src/stm32f1xx_ll_usb.o
                0x080058d4                USB_SetDevAddress
 .text.USB_DevConnect
                0x080058fa       0x14 ./Drivers/STM32F1xx_HAL_Driver/Src/stm32f1xx_ll_usb.o
                0x080058fa                USB_DevConnect
 .text.USB_DevDisconnect
                0x0800590e       0x14 ./Drivers/STM32F1xx_HAL_Driver/Src/stm32f1xx_ll_usb.o
                0x0800590e                USB_DevDisconnect
 .text.USB_ReadInterrupts
                0x08005922       0x1e ./Drivers/STM32F1xx_HAL_Driver/Src/stm32f1xx_ll_usb.o
                0x08005922                USB_ReadInterrupts
 .text.USB_EP0_OutStart
                0x08005940       0x16 ./Drivers/STM32F1xx_HAL_Driver/Src/stm32f1xx_ll_usb.o
                0x08005940                USB_EP0_OutStart
 .text.USB_WritePMA
                0x08005956       0x8a ./Drivers/STM32F1xx_HAL_Driver/Src/stm32f1xx_ll_usb.o
                0x08005956                USB_WritePMA
 .text.USB_ReadPMA
                0x080059e0       0x9e ./Drivers/STM32F1xx_HAL_Driver/Src/stm32f1xx_ll_usb.o
                0x080059e0                USB_ReadPMA
 .text.USBD_HID_Init
                0x08005a7e       0x4e ./Middlewares/ST/STM32_USB_Device_Library/Class/HID/Src/usbd_hid.o
 .text.USBD_HID_DeInit
                0x08005acc       0x42 ./Middlewares/ST/STM32_USB_Device_Library/Class/HID/Src/usbd_hid.o
 *fill*         0x08005b0e        0x2 
 .text.USBD_HID_Setup
                0x08005b10      0x1fc ./Middlewares/ST/STM32_USB_Device_Library/Class/HID/Src/usbd_hid.o
 .text.USBD_HID_SendReport
                0x08005d0c       0x44 ./Middlewares/ST/STM32_USB_Device_Library/Class/HID/Src/usbd_hid.o
                0x08005d0c                USBD_HID_SendReport
 .text.USBD_HID_GetFSCfgDesc
                0x08005d50       0x20 ./Middlewares/ST/STM32_USB_Device_Library/Class/HID/Src/usbd_hid.o
 .text.USBD_HID_GetHSCfgDesc
                0x08005d70       0x20 ./Middlewares/ST/STM32_USB_Device_Library/Class/HID/Src/usbd_hid.o
 .text.USBD_HID_GetOtherSpeedCfgDesc
                0x08005d90       0x20 ./Middlewares/ST/STM32_USB_Device_Library/Class/HID/Src/usbd_hid.o
 .text.USBD_HID_DataIn
                0x08005db0       0x22 ./Middlewares/ST/STM32_USB_Device_Library/Class/HID/Src/usbd_hid.o
 *fill*         0x08005dd2        0x2 
 .text.USBD_HID_GetDeviceQualifierDesc
                0x08005dd4       0x20 ./Middlewares/ST/STM32_USB_Device_Library/Class/HID/Src/usbd_hid.o
 .text.USBD_Init
                0x08005df4       0x56 ./Middlewares/ST/STM32_USB_Device_Library/Core/Src/usbd_core.o
                0x08005df4                USBD_Init
 .text.USBD_RegisterClass
                0x08005e4a       0x32 ./Middlewares/ST/STM32_USB_Device_Library/Core/Src/usbd_core.o
                0x08005e4a                USBD_RegisterClass
 .text.USBD_Start
                0x08005e7c       0x18 ./Middlewares/ST/STM32_USB_Device_Library/Core/Src/usbd_core.o
                0x08005e7c                USBD_Start
 .text.USBD_RunTestMode
                0x08005e94       0x14 ./Middlewares/ST/STM32_USB_Device_Library/Core/Src/usbd_core.o
                0x08005e94                USBD_RunTestMode
 .text.USBD_SetClassConfig
                0x08005ea8       0x3e ./Middlewares/ST/STM32_USB_Device_Library/Core/Src/usbd_core.o
                0x08005ea8                USBD_SetClassConfig
 .text.USBD_ClrClassConfig
                0x08005ee6       0x26 ./Middlewares/ST/STM32_USB_Device_Library/Core/Src/usbd_core.o
                0x08005ee6                USBD_ClrClassConfig
 .text.USBD_LL_SetupStage
                0x08005f0c       0x9a ./Middlewares/ST/STM32_USB_Device_Library/Core/Src/usbd_core.o
                0x08005f0c                USBD_LL_SetupStage
 .text.USBD_LL_DataOutStage
                0x08005fa6       0xe2 ./Middlewares/ST/STM32_USB_Device_Library/Core/Src/usbd_core.o
                0x08005fa6                USBD_LL_DataOutStage
 .text.USBD_LL_DataInStage
                0x08006088      0x14a ./Middlewares/ST/STM32_USB_Device_Library/Core/Src/usbd_core.o
                0x08006088                USBD_LL_DataInStage
 .text.USBD_LL_Reset
                0x080061d2       0x82 ./Middlewares/ST/STM32_USB_Device_Library/Core/Src/usbd_core.o
                0x080061d2                USBD_LL_Reset
 .text.USBD_LL_SetSpeed
                0x08006254       0x1e ./Middlewares/ST/STM32_USB_Device_Library/Core/Src/usbd_core.o
                0x08006254                USBD_LL_SetSpeed
 .text.USBD_LL_Suspend
                0x08006272       0x28 ./Middlewares/ST/STM32_USB_Device_Library/Core/Src/usbd_core.o
                0x08006272                USBD_LL_Suspend
 .text.USBD_LL_Resume
                0x0800629a       0x2a ./Middlewares/ST/STM32_USB_Device_Library/Core/Src/usbd_core.o
                0x0800629a                USBD_LL_Resume
 .text.USBD_LL_SOF
                0x080062c4       0x34 ./Middlewares/ST/STM32_USB_Device_Library/Core/Src/usbd_core.o
                0x080062c4                USBD_LL_SOF
 .text.USBD_StdDevReq
                0x080062f8       0xd4 ./Middlewares/ST/STM32_USB_Device_Library/Core/Src/usbd_ctlreq.o
                0x080062f8                USBD_StdDevReq
 .text.USBD_StdItfReq
                0x080063cc       0x90 ./Middlewares/ST/STM32_USB_Device_Library/Core/Src/usbd_ctlreq.o
                0x080063cc                USBD_StdItfReq
 .text.USBD_StdEPReq
                0x0800645c      0x2c6 ./Middlewares/ST/STM32_USB_Device_Library/Core/Src/usbd_ctlreq.o
                0x0800645c                USBD_StdEPReq
 *fill*         0x08006722        0x2 
 .text.USBD_GetDescriptor
                0x08006724      0x2d0 ./Middlewares/ST/STM32_USB_Device_Library/Core/Src/usbd_ctlreq.o
 .text.USBD_SetAddress
                0x080069f4       0x86 ./Middlewares/ST/STM32_USB_Device_Library/Core/Src/usbd_ctlreq.o
 *fill*         0x08006a7a        0x2 
 .text.USBD_SetConfig
                0x08006a7c      0x11c ./Middlewares/ST/STM32_USB_Device_Library/Core/Src/usbd_ctlreq.o
 .text.USBD_GetConfig
                0x08006b98       0x6a ./Middlewares/ST/STM32_USB_Device_Library/Core/Src/usbd_ctlreq.o
 .text.USBD_GetStatus
                0x08006c02       0x66 ./Middlewares/ST/STM32_USB_Device_Library/Core/Src/usbd_ctlreq.o
 .text.USBD_SetFeature
                0x08006c68       0x28 ./Middlewares/ST/STM32_USB_Device_Library/Core/Src/usbd_ctlreq.o
 .text.USBD_ClrFeature
                0x08006c90       0x42 ./Middlewares/ST/STM32_USB_Device_Library/Core/Src/usbd_ctlreq.o
 .text.USBD_ParseSetupRequest
                0x08006cd2       0x72 ./Middlewares/ST/STM32_USB_Device_Library/Core/Src/usbd_ctlreq.o
                0x08006cd2                USBD_ParseSetupRequest
 .text.USBD_CtlError
                0x08006d44       0x22 ./Middlewares/ST/STM32_USB_Device_Library/Core/Src/usbd_ctlreq.o
                0x08006d44                USBD_CtlError
 .text.USBD_GetString
                0x08006d66       0x84 ./Middlewares/ST/STM32_USB_Device_Library/Core/Src/usbd_ctlreq.o
                0x08006d66                USBD_GetString
 .text.USBD_GetLen
                0x08006dea       0x2e ./Middlewares/ST/STM32_USB_Device_Library/Core/Src/usbd_ctlreq.o
 .text.USBD_CtlSendData
                0x08006e18       0x38 ./Middlewares/ST/STM32_USB_Device_Library/Core/Src/usbd_ioreq.o
                0x08006e18                USBD_CtlSendData
 .text.USBD_CtlContinueSendData
                0x08006e50       0x24 ./Middlewares/ST/STM32_USB_Device_Library/Core/Src/usbd_ioreq.o
                0x08006e50                USBD_CtlContinueSendData
 .text.USBD_CtlContinueRx
                0x08006e74       0x24 ./Middlewares/ST/STM32_USB_Device_Library/Core/Src/usbd_ioreq.o
                0x08006e74                USBD_CtlContinueRx
 .text.USBD_CtlSendStatus
                0x08006e98       0x26 ./Middlewares/ST/STM32_USB_Device_Library/Core/Src/usbd_ioreq.o
                0x08006e98                USBD_CtlSendStatus
 .text.USBD_CtlReceiveStatus
                0x08006ebe       0x26 ./Middlewares/ST/STM32_USB_Device_Library/Core/Src/usbd_ioreq.o
                0x08006ebe                USBD_CtlReceiveStatus
 .text.MX_USB_DEVICE_Init
                0x08006ee4       0x4c ./USB_DEVICE/App/usb_device.o
                0x08006ee4                MX_USB_DEVICE_Init
 .text.USBD_FS_DeviceDescriptor
                0x08006f30       0x24 ./USB_DEVICE/App/usbd_desc.o
                0x08006f30                USBD_FS_DeviceDescriptor
 .text.USBD_FS_LangIDStrDescriptor
                0x08006f54       0x24 ./USB_DEVICE/App/usbd_desc.o
                0x08006f54                USBD_FS_LangIDStrDescriptor
 .text.USBD_FS_ProductStrDescriptor
                0x08006f78       0x3c ./USB_DEVICE/App/usbd_desc.o
                0x08006f78                USBD_FS_ProductStrDescriptor
 .text.USBD_FS_ManufacturerStrDescriptor
                0x08006fb4       0x28 ./USB_DEVICE/App/usbd_desc.o
                0x08006fb4                USBD_FS_ManufacturerStrDescriptor
 .text.USBD_FS_SerialStrDescriptor
                0x08006fdc       0x24 ./USB_DEVICE/App/usbd_desc.o
                0x08006fdc                USBD_FS_SerialStrDescriptor
 .text.USBD_FS_ConfigStrDescriptor
                0x08007000       0x3c ./USB_DEVICE/App/usbd_desc.o
                0x08007000                USBD_FS_ConfigStrDescriptor
 .text.USBD_FS_InterfaceStrDescriptor
                0x0800703c       0x3c ./USB_DEVICE/App/usbd_desc.o
                0x0800703c                USBD_FS_InterfaceStrDescriptor
 .text.Get_SerialNum
                0x08007078       0x58 ./USB_DEVICE/App/usbd_desc.o
 .text.IntToUnicode
                0x080070d0       0x7c ./USB_DEVICE/App/usbd_desc.o
 .text.HAL_PCD_MspInit
                0x0800714c       0x4c ./USB_DEVICE/Target/usbd_conf.o
                0x0800714c                HAL_PCD_MspInit
 .text.HAL_PCD_SetupStageCallback
                0x08007198       0x24 ./USB_DEVICE/Target/usbd_conf.o
                0x08007198                HAL_PCD_SetupStageCallback
 .text.HAL_PCD_DataOutStageCallback
                0x080071bc       0x36 ./USB_DEVICE/Target/usbd_conf.o
                0x080071bc                HAL_PCD_DataOutStageCallback
 .text.HAL_PCD_DataInStageCallback
                0x080071f2       0x34 ./USB_DEVICE/Target/usbd_conf.o
                0x080071f2                HAL_PCD_DataInStageCallback
 .text.HAL_PCD_SOFCallback
                0x08007226       0x1c ./USB_DEVICE/Target/usbd_conf.o
                0x08007226                HAL_PCD_SOFCallback
 .text.HAL_PCD_ResetCallback
                0x08007242       0x3c ./USB_DEVICE/Target/usbd_conf.o
                0x08007242                HAL_PCD_ResetCallback
 *fill*         0x0800727e        0x2 
 .text.HAL_PCD_SuspendCallback
                0x08007280       0x34 ./USB_DEVICE/Target/usbd_conf.o
                0x08007280                HAL_PCD_SuspendCallback
 .text.HAL_PCD_ResumeCallback
                0x080072b4       0x1c ./USB_DEVICE/Target/usbd_conf.o
                0x080072b4                HAL_PCD_ResumeCallback
 .text.USBD_LL_Init
                0x080072d0       0x90 ./USB_DEVICE/Target/usbd_conf.o
                0x080072d0                USBD_LL_Init
 .text.USBD_LL_Start
                0x08007360       0x36 ./USB_DEVICE/Target/usbd_conf.o
                0x08007360                USBD_LL_Start
 .text.USBD_LL_OpenEP
                0x08007396       0x4c ./USB_DEVICE/Target/usbd_conf.o
                0x08007396                USBD_LL_OpenEP
 .text.USBD_LL_CloseEP
                0x080073e2       0x3e ./USB_DEVICE/Target/usbd_conf.o
                0x080073e2                USBD_LL_CloseEP
 .text.USBD_LL_StallEP
                0x08007420       0x3e ./USB_DEVICE/Target/usbd_conf.o
                0x08007420                USBD_LL_StallEP
 .text.USBD_LL_ClearStallEP
                0x0800745e       0x3e ./USB_DEVICE/Target/usbd_conf.o
                0x0800745e                USBD_LL_ClearStallEP
 .text.USBD_LL_IsStallEP
                0x0800749c       0x56 ./USB_DEVICE/Target/usbd_conf.o
                0x0800749c                USBD_LL_IsStallEP
 .text.USBD_LL_SetUSBAddress
                0x080074f2       0x3e ./USB_DEVICE/Target/usbd_conf.o
                0x080074f2                USBD_LL_SetUSBAddress
 .text.USBD_LL_Transmit
                0x08007530       0x46 ./USB_DEVICE/Target/usbd_conf.o
                0x08007530                USBD_LL_Transmit
 .text.USBD_LL_PrepareReceive
                0x08007576       0x46 ./USB_DEVICE/Target/usbd_conf.o
                0x08007576                USBD_LL_PrepareReceive
 .text.USBD_static_malloc
                0x080075bc       0x18 ./USB_DEVICE/Target/usbd_conf.o
                0x080075bc                USBD_static_malloc
 .text.USBD_static_free
                0x080075d4       0x12 ./USB_DEVICE/Target/usbd_conf.o
                0x080075d4                USBD_static_free
 .text.HAL_PCDEx_SetConnectionState
                0x080075e6       0x16 ./USB_DEVICE/Target/usbd_conf.o
                0x080075e6                HAL_PCDEx_SetConnectionState
 .text.USBD_Get_USB_Status
                0x080075fc       0x58 ./USB_DEVICE/Target/usbd_conf.o
 .text.memset   0x08007654       0x10 D:/ST/STM32CubeIDE_1.16.0/STM32CubeIDE/plugins/com.st.stm32cube.ide.mcu.externaltools.gnu-tools-for-stm32.12.3.rel1.win32_1.0.200.202406191623/tools/bin/../lib/gcc/arm-none-eabi/12.3.1/../../../../arm-none-eabi/lib/thumb/v7-m/nofp\libc_nano.a(libc_a-memset.o)
                0x08007654                memset
 .text.__libc_init_array
                0x08007664       0x48 D:/ST/STM32CubeIDE_1.16.0/STM32CubeIDE/plugins/com.st.stm32cube.ide.mcu.externaltools.gnu-tools-for-stm32.12.3.rel1.win32_1.0.200.202406191623/tools/bin/../lib/gcc/arm-none-eabi/12.3.1/../../../../arm-none-eabi/lib/thumb/v7-m/nofp\libc_nano.a(libc_a-init.o)
                0x08007664                __libc_init_array
 *(.glue_7)
 .glue_7        0x080076ac        0x0 linker stubs
 *(.glue_7t)
 .glue_7t       0x080076ac        0x0 linker stubs
 *(.eh_frame)
 .eh_frame      0x080076ac        0x0 D:/ST/STM32CubeIDE_1.16.0/STM32CubeIDE/plugins/com.st.stm32cube.ide.mcu.externaltools.gnu-tools-for-stm32.12.3.rel1.win32_1.0.200.202406191623/tools/bin/../lib/gcc/arm-none-eabi/12.3.1/thumb/v7-m/nofp/crtbegin.o
 *(.init)
 .init          0x080076ac        0x4 D:/ST/STM32CubeIDE_1.16.0/STM32CubeIDE/plugins/com.st.stm32cube.ide.mcu.externaltools.gnu-tools-for-stm32.12.3.rel1.win32_1.0.200.202406191623/tools/bin/../lib/gcc/arm-none-eabi/12.3.1/thumb/v7-m/nofp/crti.o
                0x080076ac                _init
 .init          0x080076b0        0x8 D:/ST/STM32CubeIDE_1.16.0/STM32CubeIDE/plugins/com.st.stm32cube.ide.mcu.externaltools.gnu-tools-for-stm32.12.3.rel1.win32_1.0.200.202406191623/tools/bin/../lib/gcc/arm-none-eabi/12.3.1/thumb/v7-m/nofp/crtn.o
 *(.fini)
 .fini          0x080076b8        0x4 D:/ST/STM32CubeIDE_1.16.0/STM32CubeIDE/plugins/com.st.stm32cube.ide.mcu.externaltools.gnu-tools-for-stm32.12.3.rel1.win32_1.0.200.202406191623/tools/bin/../lib/gcc/arm-none-eabi/12.3.1/thumb/v7-m/nofp/crti.o
                0x080076b8                _fini
 .fini          0x080076bc        0x8 D:/ST/STM32CubeIDE_1.16.0/STM32CubeIDE/plugins/com.st.stm32cube.ide.mcu.externaltools.gnu-tools-for-stm32.12.3.rel1.win32_1.0.200.202406191623/tools/bin/../lib/gcc/arm-none-eabi/12.3.1/thumb/v7-m/nofp/crtn.o
                0x080076c4                        . = ALIGN (0x4)
                0x080076c4                        _etext = .

.vfp11_veneer   0x080076c4        0x0
 .vfp11_veneer  0x080076c4        0x0 linker stubs

.v4_bx          0x080076c4        0x0
 .v4_bx         0x080076c4        0x0 linker stubs

.iplt           0x080076c4        0x0
 .iplt          0x080076c4        0x0 D:/ST/STM32CubeIDE_1.16.0/STM32CubeIDE/plugins/com.st.stm32cube.ide.mcu.externaltools.gnu-tools-for-stm32.12.3.rel1.win32_1.0.200.202406191623/tools/bin/../lib/gcc/arm-none-eabi/12.3.1/thumb/v7-m/nofp/crtbegin.o

.rodata         0x080076c4       0xd8
                0x080076c4                        . = ALIGN (0x4)
 *(.rodata)
 .rodata        0x080076c4       0x69 ./Core/Src/main.o
 *fill*         0x0800772d        0x3 
 .rodata        0x08007730       0x46 ./USB_DEVICE/App/usbd_desc.o
 *(.rodata*)
 *fill*         0x08007776        0x2 
 .rodata.AHBPrescTable
                0x08007778       0x10 ./Core/Src/system_stm32f1xx.o
                0x08007778                AHBPrescTable
 .rodata.aPLLMULFactorTable.1
                0x08007788       0x10 ./Drivers/STM32F1xx_HAL_Driver/Src/stm32f1xx_hal_rcc.o
 .rodata.aPredivFactorTable.0
                0x08007798        0x2 ./Drivers/STM32F1xx_HAL_Driver/Src/stm32f1xx_hal_rcc.o
                0x0800779c                        . = ALIGN (0x4)
 *fill*         0x0800779a        0x2 

.ARM.extab      0x0800779c        0x0
                0x0800779c                        . = ALIGN (0x4)
 *(.ARM.extab* .gnu.linkonce.armextab.*)
                0x0800779c                        . = ALIGN (0x4)

.ARM            0x0800779c        0x8
                0x0800779c                        . = ALIGN (0x4)
                0x0800779c                        __exidx_start = .
 *(.ARM.exidx*)
 .ARM.exidx     0x0800779c        0x8 D:/ST/STM32CubeIDE_1.16.0/STM32CubeIDE/plugins/com.st.stm32cube.ide.mcu.externaltools.gnu-tools-for-stm32.12.3.rel1.win32_1.0.200.202406191623/tools/bin/../lib/gcc/arm-none-eabi/12.3.1/../../../../arm-none-eabi/lib/thumb/v7-m/nofp\libc_nano.a(libc_a-strlen.o)
                0x080077a4                        __exidx_end = .
                0x080077a4                        . = ALIGN (0x4)

.preinit_array  0x080077a4        0x0
                0x080077a4                        . = ALIGN (0x4)
                0x080077a4                        PROVIDE (__preinit_array_start = .)
 *(.preinit_array*)
                0x080077a4                        PROVIDE (__preinit_array_end = .)
                0x080077a4                        . = ALIGN (0x4)

.init_array     0x080077a4        0x4
                0x080077a4                        . = ALIGN (0x4)
                0x080077a4                        PROVIDE (__init_array_start = .)
 *(SORT_BY_NAME(.init_array.*))
 *(.init_array*)
 .init_array    0x080077a4        0x4 D:/ST/STM32CubeIDE_1.16.0/STM32CubeIDE/plugins/com.st.stm32cube.ide.mcu.externaltools.gnu-tools-for-stm32.12.3.rel1.win32_1.0.200.202406191623/tools/bin/../lib/gcc/arm-none-eabi/12.3.1/thumb/v7-m/nofp/crtbegin.o
                0x080077a8                        PROVIDE (__init_array_end = .)
                0x080077a8                        . = ALIGN (0x4)

.fini_array     0x080077a8        0x4
                0x080077a8                        . = ALIGN (0x4)
                [!provide]                        PROVIDE (__fini_array_start = .)
 *(SORT_BY_NAME(.fini_array.*))
 *(.fini_array*)
 .fini_array    0x080077a8        0x4 D:/ST/STM32CubeIDE_1.16.0/STM32CubeIDE/plugins/com.st.stm32cube.ide.mcu.externaltools.gnu-tools-for-stm32.12.3.rel1.win32_1.0.200.202406191623/tools/bin/../lib/gcc/arm-none-eabi/12.3.1/thumb/v7-m/nofp/crtbegin.o
                [!provide]                        PROVIDE (__fini_array_end = .)
                0x080077ac                        . = ALIGN (0x4)
                0x080077ac                        _sidata = LOADADDR (.data)

.rel.dyn        0x080077ac        0x0
 .rel.iplt      0x080077ac        0x0 D:/ST/STM32CubeIDE_1.16.0/STM32CubeIDE/plugins/com.st.stm32cube.ide.mcu.externaltools.gnu-tools-for-stm32.12.3.rel1.win32_1.0.200.202406191623/tools/bin/../lib/gcc/arm-none-eabi/12.3.1/thumb/v7-m/nofp/crtbegin.o

.data           0x20000000      0x158 load address 0x080077ac
                0x20000000                        . = ALIGN (0x4)
                0x20000000                        _sdata = .
 *(.data)
 *(.data*)
 .data.SystemCoreClock
                0x20000000        0x4 ./Core/Src/system_stm32f1xx.o
                0x20000000                SystemCoreClock
 .data.uwTickPrio
                0x20000004        0x4 ./Drivers/STM32F1xx_HAL_Driver/Src/stm32f1xx_hal.o
                0x20000004                uwTickPrio
 .data.uwTickFreq
                0x20000008        0x1 ./Drivers/STM32F1xx_HAL_Driver/Src/stm32f1xx_hal.o
                0x20000008                uwTickFreq
 *fill*         0x20000009        0x3 
 .data.USBD_HID
                0x2000000c       0x38 ./Middlewares/ST/STM32_USB_Device_Library/Class/HID/Src/usbd_hid.o
                0x2000000c                USBD_HID
 .data.USBD_HID_CfgFSDesc
                0x20000044       0x22 ./Middlewares/ST/STM32_USB_Device_Library/Class/HID/Src/usbd_hid.o
 *fill*         0x20000066        0x2 
 .data.USBD_HID_CfgHSDesc
                0x20000068       0x22 ./Middlewares/ST/STM32_USB_Device_Library/Class/HID/Src/usbd_hid.o
 *fill*         0x2000008a        0x2 
 .data.USBD_HID_OtherSpeedCfgDesc
                0x2000008c       0x22 ./Middlewares/ST/STM32_USB_Device_Library/Class/HID/Src/usbd_hid.o
 *fill*         0x200000ae        0x2 
 .data.USBD_HID_Desc
                0x200000b0        0x9 ./Middlewares/ST/STM32_USB_Device_Library/Class/HID/Src/usbd_hid.o
 *fill*         0x200000b9        0x3 
 .data.USBD_HID_DeviceQualifierDesc
                0x200000bc        0xa ./Middlewares/ST/STM32_USB_Device_Library/Class/HID/Src/usbd_hid.o
 *fill*         0x200000c6        0x2 
 .data.HID_MOUSE_ReportDesc
                0x200000c8       0x3f ./Middlewares/ST/STM32_USB_Device_Library/Class/HID/Src/usbd_hid.o
 *fill*         0x20000107        0x1 
 .data.FS_Desc  0x20000108       0x1c ./USB_DEVICE/App/usbd_desc.o
                0x20000108                FS_Desc
 .data.USBD_FS_DeviceDesc
                0x20000124       0x12 ./USB_DEVICE/App/usbd_desc.o
                0x20000124                USBD_FS_DeviceDesc
 *fill*         0x20000136        0x2 
 .data.USBD_LangIDDesc
                0x20000138        0x4 ./USB_DEVICE/App/usbd_desc.o
                0x20000138                USBD_LangIDDesc
 .data.USBD_StringSerial
                0x2000013c       0x1a ./USB_DEVICE/App/usbd_desc.o
                0x2000013c                USBD_StringSerial
 *(.RamFunc)
 *(.RamFunc*)
                0x20000158                        . = ALIGN (0x4)
 *fill*         0x20000156        0x2 
                0x20000158                        _edata = .

.igot.plt       0x20000158        0x0 load address 0x08007904
 .igot.plt      0x20000158        0x0 D:/ST/STM32CubeIDE_1.16.0/STM32CubeIDE/plugins/com.st.stm32cube.ide.mcu.externaltools.gnu-tools-for-stm32.12.3.rel1.win32_1.0.200.202406191623/tools/bin/../lib/gcc/arm-none-eabi/12.3.1/thumb/v7-m/nofp/crtbegin.o
                0x20000158                        . = ALIGN (0x4)

.bss            0x20000158      0x7dc load address 0x08007904
                0x20000158                        _sbss = .
                0x20000158                        __bss_start__ = _sbss
 *(.bss)
 .bss           0x20000158       0x1c D:/ST/STM32CubeIDE_1.16.0/STM32CubeIDE/plugins/com.st.stm32cube.ide.mcu.externaltools.gnu-tools-for-stm32.12.3.rel1.win32_1.0.200.202406191623/tools/bin/../lib/gcc/arm-none-eabi/12.3.1/thumb/v7-m/nofp/crtbegin.o
 *(.bss*)
 .bss.keyBoardHIDsub
                0x20000174        0x8 ./Core/Src/main.o
                0x20000174                keyBoardHIDsub
 .bss.uwTick    0x2000017c        0x4 ./Drivers/STM32F1xx_HAL_Driver/Src/stm32f1xx_hal.o
                0x2000017c                uwTick
 .bss.cfgidx.0  0x20000180        0x1 ./Middlewares/ST/STM32_USB_Device_Library/Core/Src/usbd_ctlreq.o
 *fill*         0x20000181        0x3 
 .bss.hUsbDeviceFS
                0x20000184      0x2c4 ./USB_DEVICE/App/usb_device.o
                0x20000184                hUsbDeviceFS
 .bss.USBD_StrDesc
                0x20000448      0x200 ./USB_DEVICE/App/usbd_desc.o
                0x20000448                USBD_StrDesc
 .bss.hpcd_USB_FS
                0x20000648      0x2d8 ./USB_DEVICE/Target/usbd_conf.o
                0x20000648                hpcd_USB_FS
 .bss.mem.0     0x20000920       0x14 ./USB_DEVICE/Target/usbd_conf.o
 *(COMMON)
                0x20000934                        . = ALIGN (0x4)
                0x20000934                        _ebss = .
                0x20000934                        __bss_end__ = _ebss

._user_heap_stack
                0x20000934      0x604 load address 0x08007904
                0x20000938                        . = ALIGN (0x8)
 *fill*         0x20000934        0x4 
                [!provide]                        PROVIDE (end = .)
                0x20000938                        PROVIDE (_end = .)
                0x20000b38                        . = (. + _Min_Heap_Size)
 *fill*         0x20000938      0x200 
                0x20000f38                        . = (. + _Min_Stack_Size)
 *fill*         0x20000b38      0x400 
                0x20000f38                        . = ALIGN (0x8)

/DISCARD/
 libc.a(*)
 libm.a(*)
 libgcc.a(*)

.ARM.attributes
                0x00000000       0x29
 *(.ARM.attributes)
 .ARM.attributes
                0x00000000       0x1d D:/ST/STM32CubeIDE_1.16.0/STM32CubeIDE/plugins/com.st.stm32cube.ide.mcu.externaltools.gnu-tools-for-stm32.12.3.rel1.win32_1.0.200.202406191623/tools/bin/../lib/gcc/arm-none-eabi/12.3.1/thumb/v7-m/nofp/crti.o
 .ARM.attributes
                0x0000001d       0x2d D:/ST/STM32CubeIDE_1.16.0/STM32CubeIDE/plugins/com.st.stm32cube.ide.mcu.externaltools.gnu-tools-for-stm32.12.3.rel1.win32_1.0.200.202406191623/tools/bin/../lib/gcc/arm-none-eabi/12.3.1/thumb/v7-m/nofp/crtbegin.o
 .ARM.attributes
                0x0000004a       0x2d ./Core/Src/main.o
 .ARM.attributes
                0x00000077       0x2d ./Core/Src/stm32f1xx_hal_msp.o
 .ARM.attributes
                0x000000a4       0x2d ./Core/Src/stm32f1xx_it.o
 .ARM.attributes
                0x000000d1       0x2d ./Core/Src/system_stm32f1xx.o
 .ARM.attributes
                0x000000fe       0x21 ./Core/Startup/startup_stm32f103c8tx.o
 .ARM.attributes
                0x0000011f       0x2d ./Drivers/STM32F1xx_HAL_Driver/Src/stm32f1xx_hal.o
 .ARM.attributes
                0x0000014c       0x2d ./Drivers/STM32F1xx_HAL_Driver/Src/stm32f1xx_hal_cortex.o
 .ARM.attributes
                0x00000179       0x2d ./Drivers/STM32F1xx_HAL_Driver/Src/stm32f1xx_hal_gpio.o
 .ARM.attributes
                0x000001a6       0x2d ./Drivers/STM32F1xx_HAL_Driver/Src/stm32f1xx_hal_pcd.o
 .ARM.attributes
                0x000001d3       0x2d ./Drivers/STM32F1xx_HAL_Driver/Src/stm32f1xx_hal_pcd_ex.o
 .ARM.attributes
                0x00000200       0x2d ./Drivers/STM32F1xx_HAL_Driver/Src/stm32f1xx_hal_rcc.o
 .ARM.attributes
                0x0000022d       0x2d ./Drivers/STM32F1xx_HAL_Driver/Src/stm32f1xx_hal_rcc_ex.o
 .ARM.attributes
                0x0000025a       0x2d ./Drivers/STM32F1xx_HAL_Driver/Src/stm32f1xx_ll_usb.o
 .ARM.attributes
                0x00000287       0x2d ./Middlewares/ST/STM32_USB_Device_Library/Class/HID/Src/usbd_hid.o
 .ARM.attributes
                0x000002b4       0x2d ./Middlewares/ST/STM32_USB_Device_Library/Core/Src/usbd_core.o
 .ARM.attributes
                0x000002e1       0x2d ./Middlewares/ST/STM32_USB_Device_Library/Core/Src/usbd_ctlreq.o
 .ARM.attributes
                0x0000030e       0x2d ./Middlewares/ST/STM32_USB_Device_Library/Core/Src/usbd_ioreq.o
 .ARM.attributes
                0x0000033b       0x2d ./USB_DEVICE/App/usb_device.o
 .ARM.attributes
                0x00000368       0x2d ./USB_DEVICE/App/usbd_desc.o
 .ARM.attributes
                0x00000395       0x2d ./USB_DEVICE/Target/usbd_conf.o
 .ARM.attributes
                0x000003c2       0x2d D:/ST/STM32CubeIDE_1.16.0/STM32CubeIDE/plugins/com.st.stm32cube.ide.mcu.externaltools.gnu-tools-for-stm32.12.3.rel1.win32_1.0.200.202406191623/tools/bin/../lib/gcc/arm-none-eabi/12.3.1/../../../../arm-none-eabi/lib/thumb/v7-m/nofp\libc_nano.a(libc_a-memset.o)
 .ARM.attributes
                0x000003ef       0x2d D:/ST/STM32CubeIDE_1.16.0/STM32CubeIDE/plugins/com.st.stm32cube.ide.mcu.externaltools.gnu-tools-for-stm32.12.3.rel1.win32_1.0.200.202406191623/tools/bin/../lib/gcc/arm-none-eabi/12.3.1/../../../../arm-none-eabi/lib/thumb/v7-m/nofp\libc_nano.a(libc_a-init.o)
 .ARM.attributes
                0x0000041c       0x17 D:/ST/STM32CubeIDE_1.16.0/STM32CubeIDE/plugins/com.st.stm32cube.ide.mcu.externaltools.gnu-tools-for-stm32.12.3.rel1.win32_1.0.200.202406191623/tools/bin/../lib/gcc/arm-none-eabi/12.3.1/../../../../arm-none-eabi/lib/thumb/v7-m/nofp\libc_nano.a(libc_a-strlen.o)
 .ARM.attributes
                0x00000433       0x1d D:/ST/STM32CubeIDE_1.16.0/STM32CubeIDE/plugins/com.st.stm32cube.ide.mcu.externaltools.gnu-tools-for-stm32.12.3.rel1.win32_1.0.200.202406191623/tools/bin/../lib/gcc/arm-none-eabi/12.3.1/thumb/v7-m/nofp/crtn.o
OUTPUT(STM32 Keyboard.elf elf32-littlearm)
LOAD linker stubs
LOAD D:/ST/STM32CubeIDE_1.16.0/STM32CubeIDE/plugins/com.st.stm32cube.ide.mcu.externaltools.gnu-tools-for-stm32.12.3.rel1.win32_1.0.200.202406191623/tools/bin/../lib/gcc/arm-none-eabi/12.3.1/../../../../arm-none-eabi/lib/thumb/v7-m/nofp\libc.a
LOAD D:/ST/STM32CubeIDE_1.16.0/STM32CubeIDE/plugins/com.st.stm32cube.ide.mcu.externaltools.gnu-tools-for-stm32.12.3.rel1.win32_1.0.200.202406191623/tools/bin/../lib/gcc/arm-none-eabi/12.3.1/../../../../arm-none-eabi/lib/thumb/v7-m/nofp\libm.a
LOAD D:/ST/STM32CubeIDE_1.16.0/STM32CubeIDE/plugins/com.st.stm32cube.ide.mcu.externaltools.gnu-tools-for-stm32.12.3.rel1.win32_1.0.200.202406191623/tools/bin/../lib/gcc/arm-none-eabi/12.3.1/thumb/v7-m/nofp\libgcc.a

.debug_info     0x00000000     0xb25d
 .debug_info    0x00000000      0xaf3 ./Core/Src/main.o
 .debug_info    0x00000af3      0x1f1 ./Core/Src/stm32f1xx_hal_msp.o
 .debug_info    0x00000ce4      0x602 ./Core/Src/stm32f1xx_it.o
 .debug_info    0x000012e6      0x222 ./Core/Src/system_stm32f1xx.o
 .debug_info    0x00001508       0x30 ./Core/Startup/startup_stm32f103c8tx.o
 .debug_info    0x00001538      0x704 ./Drivers/STM32F1xx_HAL_Driver/Src/stm32f1xx_hal.o
 .debug_info    0x00001c3c      0xa87 ./Drivers/STM32F1xx_HAL_Driver/Src/stm32f1xx_hal_cortex.o
 .debug_info    0x000026c3      0x5ab ./Drivers/STM32F1xx_HAL_Driver/Src/stm32f1xx_hal_gpio.o
 .debug_info    0x00002c6e     0x16dc ./Drivers/STM32F1xx_HAL_Driver/Src/stm32f1xx_hal_pcd.o
 .debug_info    0x0000434a      0x6c3 ./Drivers/STM32F1xx_HAL_Driver/Src/stm32f1xx_hal_pcd_ex.o
 .debug_info    0x00004a0d      0x7d5 ./Drivers/STM32F1xx_HAL_Driver/Src/stm32f1xx_hal_rcc.o
 .debug_info    0x000051e2      0x3c0 ./Drivers/STM32F1xx_HAL_Driver/Src/stm32f1xx_hal_rcc_ex.o
 .debug_info    0x000055a2     0x17ae ./Drivers/STM32F1xx_HAL_Driver/Src/stm32f1xx_ll_usb.o
 .debug_info    0x00006d50      0x927 ./Middlewares/ST/STM32_USB_Device_Library/Class/HID/Src/usbd_hid.o
 .debug_info    0x00007677      0xa52 ./Middlewares/ST/STM32_USB_Device_Library/Core/Src/usbd_core.o
 .debug_info    0x000080c9      0x91c ./Middlewares/ST/STM32_USB_Device_Library/Core/Src/usbd_ctlreq.o
 .debug_info    0x000089e5      0x6a0 ./Middlewares/ST/STM32_USB_Device_Library/Core/Src/usbd_ioreq.o
 .debug_info    0x00009085      0x53a ./USB_DEVICE/App/usb_device.o
 .debug_info    0x000095bf      0x44a ./USB_DEVICE/App/usbd_desc.o
 .debug_info    0x00009a09     0x1854 ./USB_DEVICE/Target/usbd_conf.o

.debug_abbrev   0x00000000     0x2776
 .debug_abbrev  0x00000000      0x31c ./Core/Src/main.o
 .debug_abbrev  0x0000031c       0xdb ./Core/Src/stm32f1xx_hal_msp.o
 .debug_abbrev  0x000003f7      0x192 ./Core/Src/stm32f1xx_it.o
 .debug_abbrev  0x00000589      0x13f ./Core/Src/system_stm32f1xx.o
 .debug_abbrev  0x000006c8       0x24 ./Core/Startup/startup_stm32f103c8tx.o
 .debug_abbrev  0x000006ec      0x201 ./Drivers/STM32F1xx_HAL_Driver/Src/stm32f1xx_hal.o
 .debug_abbrev  0x000008ed      0x2f8 ./Drivers/STM32F1xx_HAL_Driver/Src/stm32f1xx_hal_cortex.o
 .debug_abbrev  0x00000be5      0x1ca ./Drivers/STM32F1xx_HAL_Driver/Src/stm32f1xx_hal_gpio.o
 .debug_abbrev  0x00000daf      0x2d6 ./Drivers/STM32F1xx_HAL_Driver/Src/stm32f1xx_hal_pcd.o
 .debug_abbrev  0x00001085      0x189 ./Drivers/STM32F1xx_HAL_Driver/Src/stm32f1xx_hal_pcd_ex.o
 .debug_abbrev  0x0000120e      0x2b3 ./Drivers/STM32F1xx_HAL_Driver/Src/stm32f1xx_hal_rcc.o
 .debug_abbrev  0x000014c1      0x188 ./Drivers/STM32F1xx_HAL_Driver/Src/stm32f1xx_hal_rcc_ex.o
 .debug_abbrev  0x00001649      0x1de ./Drivers/STM32F1xx_HAL_Driver/Src/stm32f1xx_ll_usb.o
 .debug_abbrev  0x00001827      0x26b ./Middlewares/ST/STM32_USB_Device_Library/Class/HID/Src/usbd_hid.o
 .debug_abbrev  0x00001a92      0x24a ./Middlewares/ST/STM32_USB_Device_Library/Core/Src/usbd_core.o
 .debug_abbrev  0x00001cdc      0x26b ./Middlewares/ST/STM32_USB_Device_Library/Core/Src/usbd_ctlreq.o
 .debug_abbrev  0x00001f47      0x192 ./Middlewares/ST/STM32_USB_Device_Library/Core/Src/usbd_ioreq.o
 .debug_abbrev  0x000020d9      0x188 ./USB_DEVICE/App/usb_device.o
 .debug_abbrev  0x00002261      0x1ff ./USB_DEVICE/App/usbd_desc.o
 .debug_abbrev  0x00002460      0x316 ./USB_DEVICE/Target/usbd_conf.o

.debug_aranges  0x00000000      0xa18
 .debug_aranges
                0x00000000       0x48 ./Core/Src/main.o
 .debug_aranges
                0x00000048       0x20 ./Core/Src/stm32f1xx_hal_msp.o
 .debug_aranges
                0x00000068       0x68 ./Core/Src/stm32f1xx_it.o
 .debug_aranges
                0x000000d0       0x28 ./Core/Src/system_stm32f1xx.o
 .debug_aranges
                0x000000f8       0x28 ./Core/Startup/startup_stm32f103c8tx.o
 .debug_aranges
                0x00000120       0xe0 ./Drivers/STM32F1xx_HAL_Driver/Src/stm32f1xx_hal.o
 .debug_aranges
                0x00000200      0x100 ./Drivers/STM32F1xx_HAL_Driver/Src/stm32f1xx_hal_cortex.o
 .debug_aranges
                0x00000300       0x58 ./Drivers/STM32F1xx_HAL_Driver/Src/stm32f1xx_hal_gpio.o
 .debug_aranges
                0x00000358      0x140 ./Drivers/STM32F1xx_HAL_Driver/Src/stm32f1xx_hal_pcd.o
 .debug_aranges
                0x00000498       0x38 ./Drivers/STM32F1xx_HAL_Driver/Src/stm32f1xx_hal_pcd_ex.o
 .debug_aranges
                0x000004d0       0x90 ./Drivers/STM32F1xx_HAL_Driver/Src/stm32f1xx_hal_rcc.o
 .debug_aranges
                0x00000560       0x30 ./Drivers/STM32F1xx_HAL_Driver/Src/stm32f1xx_hal_rcc_ex.o
 .debug_aranges
                0x00000590       0xf8 ./Drivers/STM32F1xx_HAL_Driver/Src/stm32f1xx_ll_usb.o
 .debug_aranges
                0x00000688       0x68 ./Middlewares/ST/STM32_USB_Device_Library/Class/HID/Src/usbd_hid.o
 .debug_aranges
                0x000006f0       0xb8 ./Middlewares/ST/STM32_USB_Device_Library/Core/Src/usbd_core.o
 .debug_aranges
                0x000007a8       0x88 ./Middlewares/ST/STM32_USB_Device_Library/Core/Src/usbd_ctlreq.o
 .debug_aranges
                0x00000830       0x50 ./Middlewares/ST/STM32_USB_Device_Library/Core/Src/usbd_ioreq.o
 .debug_aranges
                0x00000880       0x20 ./USB_DEVICE/App/usb_device.o
 .debug_aranges
                0x000008a0       0x60 ./USB_DEVICE/App/usbd_desc.o
 .debug_aranges
                0x00000900      0x118 ./USB_DEVICE/Target/usbd_conf.o

.debug_rnglists
                0x00000000      0x75b
 .debug_rnglists
                0x00000000       0x35 ./Core/Src/main.o
 .debug_rnglists
                0x00000035       0x13 ./Core/Src/stm32f1xx_hal_msp.o
 .debug_rnglists
                0x00000048       0x49 ./Core/Src/stm32f1xx_it.o
 .debug_rnglists
                0x00000091       0x1a ./Core/Src/system_stm32f1xx.o
 .debug_rnglists
                0x000000ab       0x19 ./Core/Startup/startup_stm32f103c8tx.o
 .debug_rnglists
                0x000000c4       0xa3 ./Drivers/STM32F1xx_HAL_Driver/Src/stm32f1xx_hal.o
 .debug_rnglists
                0x00000167       0xbb ./Drivers/STM32F1xx_HAL_Driver/Src/stm32f1xx_hal_cortex.o
 .debug_rnglists
                0x00000222       0x3f ./Drivers/STM32F1xx_HAL_Driver/Src/stm32f1xx_hal_gpio.o
 .debug_rnglists
                0x00000261       0xf4 ./Drivers/STM32F1xx_HAL_Driver/Src/stm32f1xx_hal_pcd.o
 .debug_rnglists
                0x00000355       0x26 ./Drivers/STM32F1xx_HAL_Driver/Src/stm32f1xx_hal_pcd_ex.o
 .debug_rnglists
                0x0000037b       0x6c ./Drivers/STM32F1xx_HAL_Driver/Src/stm32f1xx_hal_rcc.o
 .debug_rnglists
                0x000003e7       0x21 ./Drivers/STM32F1xx_HAL_Driver/Src/stm32f1xx_hal_rcc_ex.o
 .debug_rnglists
                0x00000408       0xbd ./Drivers/STM32F1xx_HAL_Driver/Src/stm32f1xx_ll_usb.o
 .debug_rnglists
                0x000004c5       0x4a ./Middlewares/ST/STM32_USB_Device_Library/Class/HID/Src/usbd_hid.o
 .debug_rnglists
                0x0000050f       0x89 ./Middlewares/ST/STM32_USB_Device_Library/Core/Src/usbd_core.o
 .debug_rnglists
                0x00000598       0x68 ./Middlewares/ST/STM32_USB_Device_Library/Core/Src/usbd_ctlreq.o
 .debug_rnglists
                0x00000600       0x37 ./Middlewares/ST/STM32_USB_Device_Library/Core/Src/usbd_ioreq.o
 .debug_rnglists
                0x00000637       0x13 ./USB_DEVICE/App/usb_device.o
 .debug_rnglists
                0x0000064a       0x43 ./USB_DEVICE/App/usbd_desc.o
 .debug_rnglists
                0x0000068d       0xce ./USB_DEVICE/Target/usbd_conf.o

.debug_macro    0x00000000    0x18cd1
 .debug_macro   0x00000000      0x351 ./Core/Src/main.o
 .debug_macro   0x00000351      0xaa8 ./Core/Src/main.o
 .debug_macro   0x00000df9      0x215 ./Core/Src/main.o
 .debug_macro   0x0000100e       0x2e ./Core/Src/main.o
 .debug_macro   0x0000103c       0x22 ./Core/Src/main.o
 .debug_macro   0x0000105e       0x22 ./Core/Src/main.o
 .debug_macro   0x00001080       0x8e ./Core/Src/main.o
 .debug_macro   0x0000110e       0x51 ./Core/Src/main.o
 .debug_macro   0x0000115f      0x103 ./Core/Src/main.o
 .debug_macro   0x00001262       0x6a ./Core/Src/main.o
 .debug_macro   0x000012cc      0x1df ./Core/Src/main.o
 .debug_macro   0x000014ab       0x1c ./Core/Src/main.o
 .debug_macro   0x000014c7       0x22 ./Core/Src/main.o
 .debug_macro   0x000014e9       0xbd ./Core/Src/main.o
 .debug_macro   0x000015a6      0xd23 ./Core/Src/main.o
 .debug_macro   0x000022c9     0xe09e ./Core/Src/main.o
 .debug_macro   0x00010367       0x6d ./Core/Src/main.o
 .debug_macro   0x000103d4     0x34a2 ./Core/Src/main.o
 .debug_macro   0x00013876      0x189 ./Core/Src/main.o
 .debug_macro   0x000139ff       0x5c ./Core/Src/main.o
 .debug_macro   0x00013a5b      0x5bc ./Core/Src/main.o
 .debug_macro   0x00014017      0x289 ./Core/Src/main.o
 .debug_macro   0x000142a0      0x1cb ./Core/Src/main.o
 .debug_macro   0x0001446b      0x114 ./Core/Src/main.o
 .debug_macro   0x0001457f      0x1b2 ./Core/Src/main.o
 .debug_macro   0x00014731       0x27 ./Core/Src/main.o
 .debug_macro   0x00014758      0x136 ./Core/Src/main.o
 .debug_macro   0x0001488e      0x1bc ./Core/Src/main.o
 .debug_macro   0x00014a4a       0x34 ./Core/Src/main.o
 .debug_macro   0x00014a7e       0x3c ./Core/Src/main.o
 .debug_macro   0x00014aba       0x57 ./Core/Src/main.o
 .debug_macro   0x00014b11       0x87 ./Core/Src/main.o
 .debug_macro   0x00014b98      0x240 ./Core/Src/main.o
 .debug_macro   0x00014dd8      0x140 ./Core/Src/main.o
 .debug_macro   0x00014f18       0xb7 ./Core/Src/main.o
 .debug_macro   0x00014fcf      0x242 ./Core/Src/main.o
 .debug_macro   0x00015211       0x83 ./Core/Src/main.o
 .debug_macro   0x00015294       0x61 ./Core/Src/main.o
 .debug_macro   0x000152f5       0x24 ./Core/Src/main.o
 .debug_macro   0x00015319       0x43 ./Core/Src/main.o
 .debug_macro   0x0001535c       0x34 ./Core/Src/main.o
 .debug_macro   0x00015390       0x16 ./Core/Src/main.o
 .debug_macro   0x000153a6       0x35 ./Core/Src/main.o
 .debug_macro   0x000153db      0x369 ./Core/Src/main.o
 .debug_macro   0x00015744       0x10 ./Core/Src/main.o
 .debug_macro   0x00015754       0x16 ./Core/Src/main.o
 .debug_macro   0x0001576a       0x43 ./Core/Src/main.o
 .debug_macro   0x000157ad       0x34 ./Core/Src/main.o
 .debug_macro   0x000157e1       0x10 ./Core/Src/main.o
 .debug_macro   0x000157f1       0x58 ./Core/Src/main.o
 .debug_macro   0x00015849       0x8e ./Core/Src/main.o
 .debug_macro   0x000158d7       0x1c ./Core/Src/main.o
 .debug_macro   0x000158f3      0x177 ./Core/Src/main.o
 .debug_macro   0x00015a6a       0x16 ./Core/Src/main.o
 .debug_macro   0x00015a80       0x16 ./Core/Src/main.o
 .debug_macro   0x00015a96      0x146 ./Core/Src/main.o
 .debug_macro   0x00015bdc       0x16 ./Core/Src/main.o
 .debug_macro   0x00015bf2       0x16 ./Core/Src/main.o
 .debug_macro   0x00015c08       0x29 ./Core/Src/main.o
 .debug_macro   0x00015c31       0x16 ./Core/Src/main.o
 .debug_macro   0x00015c47       0x20 ./Core/Src/main.o
 .debug_macro   0x00015c67       0x5f ./Core/Src/main.o
 .debug_macro   0x00015cc6      0x1c8 ./Core/Src/main.o
 .debug_macro   0x00015e8e       0x5e ./Core/Src/main.o
 .debug_macro   0x00015eec      0x1b2 ./Core/Src/stm32f1xx_hal_msp.o
 .debug_macro   0x0001609e      0x1bc ./Core/Src/stm32f1xx_it.o
 .debug_macro   0x0001625a      0x1a8 ./Core/Src/system_stm32f1xx.o
 .debug_macro   0x00016402      0x1cc ./Drivers/STM32F1xx_HAL_Driver/Src/stm32f1xx_hal.o
 .debug_macro   0x000165ce      0x1a8 ./Drivers/STM32F1xx_HAL_Driver/Src/stm32f1xx_hal_cortex.o
 .debug_macro   0x00016776      0x213 ./Drivers/STM32F1xx_HAL_Driver/Src/stm32f1xx_hal_gpio.o
 .debug_macro   0x00016989      0x1b4 ./Drivers/STM32F1xx_HAL_Driver/Src/stm32f1xx_hal_pcd.o
 .debug_macro   0x00016b3d      0x1a8 ./Drivers/STM32F1xx_HAL_Driver/Src/stm32f1xx_hal_pcd_ex.o
 .debug_macro   0x00016ce5      0x1ba ./Drivers/STM32F1xx_HAL_Driver/Src/stm32f1xx_hal_rcc.o
 .debug_macro   0x00016e9f      0x1a8 ./Drivers/STM32F1xx_HAL_Driver/Src/stm32f1xx_hal_rcc_ex.o
 .debug_macro   0x00017047      0x1a8 ./Drivers/STM32F1xx_HAL_Driver/Src/stm32f1xx_ll_usb.o
 .debug_macro   0x000171ef      0x341 ./Middlewares/ST/STM32_USB_Device_Library/Class/HID/Src/usbd_hid.o
 .debug_macro   0x00017530       0x9e ./Middlewares/ST/STM32_USB_Device_Library/Class/HID/Src/usbd_hid.o
 .debug_macro   0x000175ce      0x10b ./Middlewares/ST/STM32_USB_Device_Library/Class/HID/Src/usbd_hid.o
 .debug_macro   0x000176d9       0x56 ./Middlewares/ST/STM32_USB_Device_Library/Class/HID/Src/usbd_hid.o
 .debug_macro   0x0001772f      0x328 ./Middlewares/ST/STM32_USB_Device_Library/Core/Src/usbd_core.o
 .debug_macro   0x00017a57      0x1ce ./Middlewares/ST/STM32_USB_Device_Library/Core/Src/usbd_core.o
 .debug_macro   0x00017c25      0x332 ./Middlewares/ST/STM32_USB_Device_Library/Core/Src/usbd_ctlreq.o
 .debug_macro   0x00017f57      0x32e ./Middlewares/ST/STM32_USB_Device_Library/Core/Src/usbd_ioreq.o
 .debug_macro   0x00018285      0x35e ./USB_DEVICE/App/usb_device.o
 .debug_macro   0x000185e3       0x22 ./USB_DEVICE/App/usb_device.o
 .debug_macro   0x00018605      0x365 ./USB_DEVICE/App/usbd_desc.o
 .debug_macro   0x0001896a       0x1c ./USB_DEVICE/App/usbd_desc.o
 .debug_macro   0x00018986      0x34b ./USB_DEVICE/Target/usbd_conf.o

.debug_line     0x00000000     0xdb5c
 .debug_line    0x00000000      0xd19 ./Core/Src/main.o
 .debug_line    0x00000d19      0x704 ./Core/Src/stm32f1xx_hal_msp.o
 .debug_line    0x0000141d      0x7dd ./Core/Src/stm32f1xx_it.o
 .debug_line    0x00001bfa      0x781 ./Core/Src/system_stm32f1xx.o
 .debug_line    0x0000237b       0x78 ./Core/Startup/startup_stm32f103c8tx.o
 .debug_line    0x000023f3      0x9ae ./Drivers/STM32F1xx_HAL_Driver/Src/stm32f1xx_hal.o
 .debug_line    0x00002da1      0xb9a ./Drivers/STM32F1xx_HAL_Driver/Src/stm32f1xx_hal_cortex.o
 .debug_line    0x0000393b      0xa47 ./Drivers/STM32F1xx_HAL_Driver/Src/stm32f1xx_hal_gpio.o
 .debug_line    0x00004382     0x1403 ./Drivers/STM32F1xx_HAL_Driver/Src/stm32f1xx_hal_pcd.o
 .debug_line    0x00005785      0x77c ./Drivers/STM32F1xx_HAL_Driver/Src/stm32f1xx_hal_pcd_ex.o
 .debug_line    0x00005f01      0xdb7 ./Drivers/STM32F1xx_HAL_Driver/Src/stm32f1xx_hal_rcc.o
 .debug_line    0x00006cb8      0x8f8 ./Drivers/STM32F1xx_HAL_Driver/Src/stm32f1xx_hal_rcc_ex.o
 .debug_line    0x000075b0     0x107f ./Drivers/STM32F1xx_HAL_Driver/Src/stm32f1xx_ll_usb.o
 .debug_line    0x0000862f      0xbbf ./Middlewares/ST/STM32_USB_Device_Library/Class/HID/Src/usbd_hid.o
 .debug_line    0x000091ee      0xd82 ./Middlewares/ST/STM32_USB_Device_Library/Core/Src/usbd_core.o
 .debug_line    0x00009f70      0xfc2 ./Middlewares/ST/STM32_USB_Device_Library/Core/Src/usbd_ctlreq.o
 .debug_line    0x0000af32      0xa18 ./Middlewares/ST/STM32_USB_Device_Library/Core/Src/usbd_ioreq.o
 .debug_line    0x0000b94a      0x9bd ./USB_DEVICE/App/usb_device.o
 .debug_line    0x0000c307      0xaa1 ./USB_DEVICE/App/usbd_desc.o
 .debug_line    0x0000cda8      0xdb4 ./USB_DEVICE/Target/usbd_conf.o

.debug_str      0x00000000    0x843fb
 .debug_str     0x00000000    0x81df8 ./Core/Src/main.o
                              0x82209 (size before relaxing)
 .debug_str     0x00081df8       0x5a ./Core/Src/stm32f1xx_hal_msp.o
                              0x7d749 (size before relaxing)
 .debug_str     0x00081e52      0x403 ./Core/Src/stm32f1xx_it.o
                              0x7db28 (size before relaxing)
 .debug_str     0x00082255       0x7e ./Core/Src/system_stm32f1xx.o
                              0x7d774 (size before relaxing)
 .debug_str     0x000822d3       0x44 ./Core/Startup/startup_stm32f103c8tx.o
                                 0x86 (size before relaxing)
 .debug_str     0x00082317      0x607 ./Drivers/STM32F1xx_HAL_Driver/Src/stm32f1xx_hal.o
                              0x7dea7 (size before relaxing)
 .debug_str     0x0008291e      0x293 ./Drivers/STM32F1xx_HAL_Driver/Src/stm32f1xx_hal_cortex.o
                              0x7ddf3 (size before relaxing)
 .debug_str     0x00082bb1      0x2f6 ./Drivers/STM32F1xx_HAL_Driver/Src/stm32f1xx_hal_gpio.o
                              0x7dafa (size before relaxing)
 .debug_str     0x00082ea7      0x5bd ./Drivers/STM32F1xx_HAL_Driver/Src/stm32f1xx_hal_pcd.o
                              0x7e091 (size before relaxing)
 .debug_str     0x00083464      0x170 ./Drivers/STM32F1xx_HAL_Driver/Src/stm32f1xx_hal_pcd_ex.o
                              0x7dbf3 (size before relaxing)
 .debug_str     0x000835d4      0x229 ./Drivers/STM32F1xx_HAL_Driver/Src/stm32f1xx_hal_rcc.o
                              0x7dba3 (size before relaxing)
 .debug_str     0x000837fd       0x9f ./Drivers/STM32F1xx_HAL_Driver/Src/stm32f1xx_hal_rcc_ex.o
                              0x7d8f3 (size before relaxing)
 .debug_str     0x0008389c      0x129 ./Drivers/STM32F1xx_HAL_Driver/Src/stm32f1xx_ll_usb.o
                              0x7dc45 (size before relaxing)
 .debug_str     0x000839c5      0x298 ./Middlewares/ST/STM32_USB_Device_Library/Class/HID/Src/usbd_hid.o
                              0x820cd (size before relaxing)
 .debug_str     0x00083c5d      0x298 ./Middlewares/ST/STM32_USB_Device_Library/Core/Src/usbd_core.o
                              0x81f68 (size before relaxing)
 .debug_str     0x00083ef5      0x11b ./Middlewares/ST/STM32_USB_Device_Library/Core/Src/usbd_ctlreq.o
                              0x81e82 (size before relaxing)
 .debug_str     0x00084010       0x79 ./Middlewares/ST/STM32_USB_Device_Library/Core/Src/usbd_ioreq.o
                              0x81daf (size before relaxing)
 .debug_str     0x00084089       0xa2 ./USB_DEVICE/App/usb_device.o
                              0x81f24 (size before relaxing)
 .debug_str     0x0008412b      0x258 ./USB_DEVICE/App/usbd_desc.o
                              0x81ceb (size before relaxing)
 .debug_str     0x00084383       0x78 ./USB_DEVICE/Target/usbd_conf.o
                              0x82a62 (size before relaxing)

.comment        0x00000000       0x43
 .comment       0x00000000       0x43 ./Core/Src/main.o
                                 0x44 (size before relaxing)
 .comment       0x00000043       0x44 ./Core/Src/stm32f1xx_hal_msp.o
 .comment       0x00000043       0x44 ./Core/Src/stm32f1xx_it.o
 .comment       0x00000043       0x44 ./Core/Src/system_stm32f1xx.o
 .comment       0x00000043       0x44 ./Drivers/STM32F1xx_HAL_Driver/Src/stm32f1xx_hal.o
 .comment       0x00000043       0x44 ./Drivers/STM32F1xx_HAL_Driver/Src/stm32f1xx_hal_cortex.o
 .comment       0x00000043       0x44 ./Drivers/STM32F1xx_HAL_Driver/Src/stm32f1xx_hal_gpio.o
 .comment       0x00000043       0x44 ./Drivers/STM32F1xx_HAL_Driver/Src/stm32f1xx_hal_pcd.o
 .comment       0x00000043       0x44 ./Drivers/STM32F1xx_HAL_Driver/Src/stm32f1xx_hal_pcd_ex.o
 .comment       0x00000043       0x44 ./Drivers/STM32F1xx_HAL_Driver/Src/stm32f1xx_hal_rcc.o
 .comment       0x00000043       0x44 ./Drivers/STM32F1xx_HAL_Driver/Src/stm32f1xx_hal_rcc_ex.o
 .comment       0x00000043       0x44 ./Drivers/STM32F1xx_HAL_Driver/Src/stm32f1xx_ll_usb.o
 .comment       0x00000043       0x44 ./Middlewares/ST/STM32_USB_Device_Library/Class/HID/Src/usbd_hid.o
 .comment       0x00000043       0x44 ./Middlewares/ST/STM32_USB_Device_Library/Core/Src/usbd_core.o
 .comment       0x00000043       0x44 ./Middlewares/ST/STM32_USB_Device_Library/Core/Src/usbd_ctlreq.o
 .comment       0x00000043       0x44 ./Middlewares/ST/STM32_USB_Device_Library/Core/Src/usbd_ioreq.o
 .comment       0x00000043       0x44 ./USB_DEVICE/App/usb_device.o
 .comment       0x00000043       0x44 ./USB_DEVICE/App/usbd_desc.o
 .comment       0x00000043       0x44 ./USB_DEVICE/Target/usbd_conf.o

.debug_frame    0x00000000     0x26b4
 .debug_frame   0x00000000       0xe0 ./Core/Src/main.o
 .debug_frame   0x000000e0       0x38 ./Core/Src/stm32f1xx_hal_msp.o
 .debug_frame   0x00000118      0x120 ./Core/Src/stm32f1xx_it.o
 .debug_frame   0x00000238       0x58 ./Core/Src/system_stm32f1xx.o
 .debug_frame   0x00000290      0x334 ./Drivers/STM32F1xx_HAL_Driver/Src/stm32f1xx_hal.o
 .debug_frame   0x000005c4      0x428 ./Drivers/STM32F1xx_HAL_Driver/Src/stm32f1xx_hal_cortex.o
 .debug_frame   0x000009ec      0x14c ./Drivers/STM32F1xx_HAL_Driver/Src/stm32f1xx_hal_gpio.o
 .debug_frame   0x00000b38      0x594 ./Drivers/STM32F1xx_HAL_Driver/Src/stm32f1xx_hal_pcd.o
 .debug_frame   0x000010cc       0xb0 ./Drivers/STM32F1xx_HAL_Driver/Src/stm32f1xx_hal_pcd_ex.o
 .debug_frame   0x0000117c      0x218 ./Drivers/STM32F1xx_HAL_Driver/Src/stm32f1xx_hal_rcc.o
 .debug_frame   0x00001394       0x80 ./Drivers/STM32F1xx_HAL_Driver/Src/stm32f1xx_hal_rcc_ex.o
 .debug_frame   0x00001414      0x470 ./Drivers/STM32F1xx_HAL_Driver/Src/stm32f1xx_ll_usb.o
 .debug_frame   0x00001884      0x190 ./Middlewares/ST/STM32_USB_Device_Library/Class/HID/Src/usbd_hid.o
 .debug_frame   0x00001a14      0x300 ./Middlewares/ST/STM32_USB_Device_Library/Core/Src/usbd_core.o
 .debug_frame   0x00001d14      0x218 ./Middlewares/ST/STM32_USB_Device_Library/Core/Src/usbd_ctlreq.o
 .debug_frame   0x00001f2c      0x10c ./Middlewares/ST/STM32_USB_Device_Library/Core/Src/usbd_ioreq.o
 .debug_frame   0x00002038       0x2c ./USB_DEVICE/App/usb_device.o
 .debug_frame   0x00002064      0x160 ./USB_DEVICE/App/usbd_desc.o
 .debug_frame   0x000021c4      0x4a4 ./USB_DEVICE/Target/usbd_conf.o
 .debug_frame   0x00002668       0x20 D:/ST/STM32CubeIDE_1.16.0/STM32CubeIDE/plugins/com.st.stm32cube.ide.mcu.externaltools.gnu-tools-for-stm32.12.3.rel1.win32_1.0.200.202406191623/tools/bin/../lib/gcc/arm-none-eabi/12.3.1/../../../../arm-none-eabi/lib/thumb/v7-m/nofp\libc_nano.a(libc_a-memset.o)
 .debug_frame   0x00002688       0x2c D:/ST/STM32CubeIDE_1.16.0/STM32CubeIDE/plugins/com.st.stm32cube.ide.mcu.externaltools.gnu-tools-for-stm32.12.3.rel1.win32_1.0.200.202406191623/tools/bin/../lib/gcc/arm-none-eabi/12.3.1/../../../../arm-none-eabi/lib/thumb/v7-m/nofp\libc_nano.a(libc_a-init.o)

.debug_line_str
                0x00000000       0x6a
 .debug_line_str
                0x00000000       0x6a ./Core/Startup/startup_stm32f103c8tx.o
